// Jest Snapshot v1, https://goo.gl/fbAQLP

exports[`EmotionExample base snapshot 1`] = `
<div>
  <div
    class="css-1fn01zn"
  >
    <div
      class="css-hmyq4b"
    >
      Test
      <button
        class="css-1k5qnfk"
      >
        EmotionExample
      </button>
    </div>
    <div
      class="some-global-class"
    >
      Global
    </div>
  </div>
</div>
`;
