// Jest Snapshot v1, https://goo.gl/fbAQLP

exports[`EmotionExample base snapshot 1`] = `
<div>
  <div
    class="css-jcv2sj"
  >
    <button
      class="css-1k5qnfk"
    >
      EmotionExample
    </button>
    <div
      class="css-14x91a0"
    >
      Test
    </div>
    <div
      class="some-global-class"
    >
      Global
    </div>
  </div>
</div>
`;
